2026-10-01 12:32:05 DEBUG TestNG:82 - suiteXmlPath: "C:\Users\Ceptes 3\eclipse-workspace\opencart1\master.xml"
2026-10-01 12:32:29 DEBUG PackageRelationshipCollection:307 - Parsing relationship: /xl/_rels/workbook.xml.rels
2026-10-01 12:32:29 DEBUG PackageRelationshipCollection:307 - Parsing relationship: /xl/worksheets/_rels/sheet1.xml.rels
2026-10-01 12:32:29 DEBUG PackageRelationshipCollection:307 - Parsing relationship: /_rels/.rels
2026-10-01 12:32:31 DEBUG POIXMLFactory:65 - using default POIXMLDocumentPart for http://schemas.openxmlformats.org/officeDocument/2006/relationships/printerSettings
2026-10-01 12:32:31 DEBUG PackageRelationshipCollection:307 - Parsing relationship: /xl/_rels/workbook.xml.rels
2026-10-01 12:32:31 DEBUG PackageRelationshipCollection:307 - Parsing relationship: /xl/worksheets/_rels/sheet1.xml.rels
2026-10-01 12:32:31 DEBUG PackageRelationshipCollection:307 - Parsing relationship: /_rels/.rels
2026-10-01 12:32:31 DEBUG POIXMLFactory:65 - using default POIXMLDocumentPart for http://schemas.openxmlformats.org/officeDocument/2006/relationships/printerSettings
2026-10-01 12:32:31 DEBUG PackageRelationshipCollection:307 - Parsing relationship: /xl/_rels/workbook.xml.rels
2026-10-01 12:32:31 DEBUG PackageRelationshipCollection:307 - Parsing relationship: /xl/worksheets/_rels/sheet1.xml.rels
2026-10-01 12:32:31 DEBUG PackageRelationshipCollection:307 - Parsing relationship: /_rels/.rels
2026-10-01 12:32:31 DEBUG POIXMLFactory:65 - using default POIXMLDocumentPart for http://schemas.openxmlformats.org/officeDocument/2006/relationships/printerSettings
2026-10-01 12:32:31 DEBUG PackageRelationshipCollection:307 - Parsing relationship: /xl/_rels/workbook.xml.rels
2026-10-01 12:32:31 DEBUG PackageRelationshipCollection:307 - Parsing relationship: /xl/worksheets/_rels/sheet1.xml.rels
2026-10-01 12:32:31 DEBUG PackageRelationshipCollection:307 - Parsing relationship: /_rels/.rels
2026-10-01 12:32:31 DEBUG POIXMLFactory:65 - using default POIXMLDocumentPart for http://schemas.openxmlformats.org/officeDocument/2006/relationships/printerSettings
2026-10-01 12:32:31 DEBUG PackageRelationshipCollection:307 - Parsing relationship: /xl/_rels/workbook.xml.rels
2026-10-01 12:32:31 DEBUG PackageRelationshipCollection:307 - Parsing relationship: /xl/worksheets/_rels/sheet1.xml.rels
2026-10-01 12:32:31 DEBUG PackageRelationshipCollection:307 - Parsing relationship: /_rels/.rels
2026-10-01 12:32:31 DEBUG POIXMLFactory:65 - using default POIXMLDocumentPart for http://schemas.openxmlformats.org/officeDocument/2006/relationships/printerSettings
2026-10-01 12:32:31 DEBUG PackageRelationshipCollection:307 - Parsing relationship: /xl/_rels/workbook.xml.rels
2026-10-01 12:32:31 DEBUG PackageRelationshipCollection:307 - Parsing relationship: /xl/worksheets/_rels/sheet1.xml.rels
2026-10-01 12:32:31 DEBUG PackageRelationshipCollection:307 - Parsing relationship: /_rels/.rels
2026-10-01 12:32:31 DEBUG POIXMLFactory:65 - using default POIXMLDocumentPart for http://schemas.openxmlformats.org/officeDocument/2006/relationships/printerSettings
2026-10-01 12:32:31 DEBUG PackageRelationshipCollection:307 - Parsing relationship: /xl/_rels/workbook.xml.rels
2026-10-01 12:32:31 DEBUG PackageRelationshipCollection:307 - Parsing relationship: /xl/worksheets/_rels/sheet1.xml.rels
2026-10-01 12:32:31 DEBUG PackageRelationshipCollection:307 - Parsing relationship: /_rels/.rels
2026-10-01 12:32:32 DEBUG POIXMLFactory:65 - using default POIXMLDocumentPart for http://schemas.openxmlformats.org/officeDocument/2006/relationships/printerSettings
2026-10-01 12:32:32 DEBUG PackageRelationshipCollection:307 - Parsing relationship: /xl/_rels/workbook.xml.rels
2026-10-01 12:32:32 DEBUG PackageRelationshipCollection:307 - Parsing relationship: /xl/worksheets/_rels/sheet1.xml.rels
2026-10-01 12:32:32 DEBUG PackageRelationshipCollection:307 - Parsing relationship: /_rels/.rels
2026-10-01 12:32:32 DEBUG POIXMLFactory:65 - using default POIXMLDocumentPart for http://schemas.openxmlformats.org/officeDocument/2006/relationships/printerSettings
2026-10-01 12:32:32 DEBUG PackageRelationshipCollection:307 - Parsing relationship: /xl/_rels/workbook.xml.rels
2026-10-01 12:32:32 DEBUG PackageRelationshipCollection:307 - Parsing relationship: /xl/worksheets/_rels/sheet1.xml.rels
2026-10-01 12:32:32 DEBUG PackageRelationshipCollection:307 - Parsing relationship: /_rels/.rels
2026-10-01 12:32:32 DEBUG POIXMLFactory:65 - using default POIXMLDocumentPart for http://schemas.openxmlformats.org/officeDocument/2006/relationships/printerSettings
2026-10-01 12:32:32 DEBUG PackageRelationshipCollection:307 - Parsing relationship: /xl/_rels/workbook.xml.rels
2026-10-01 12:32:32 DEBUG PackageRelationshipCollection:307 - Parsing relationship: /xl/worksheets/_rels/sheet1.xml.rels
2026-10-01 12:32:32 DEBUG PackageRelationshipCollection:307 - Parsing relationship: /_rels/.rels
2026-10-01 12:32:32 DEBUG POIXMLFactory:65 - using default POIXMLDocumentPart for http://schemas.openxmlformats.org/officeDocument/2006/relationships/printerSettings
2026-10-01 12:32:32 DEBUG PackageRelationshipCollection:307 - Parsing relationship: /xl/_rels/workbook.xml.rels
2026-10-01 12:32:32 DEBUG PackageRelationshipCollection:307 - Parsing relationship: /xl/worksheets/_rels/sheet1.xml.rels
2026-10-01 12:32:32 DEBUG PackageRelationshipCollection:307 - Parsing relationship: /_rels/.rels
2026-10-01 12:32:32 DEBUG POIXMLFactory:65 - using default POIXMLDocumentPart for http://schemas.openxmlformats.org/officeDocument/2006/relationships/printerSettings
2026-10-01 12:32:32 DEBUG PackageRelationshipCollection:307 - Parsing relationship: /xl/_rels/workbook.xml.rels
2026-10-01 12:32:32 DEBUG PackageRelationshipCollection:307 - Parsing relationship: /xl/worksheets/_rels/sheet1.xml.rels
2026-10-01 12:32:32 DEBUG PackageRelationshipCollection:307 - Parsing relationship: /_rels/.rels
2026-10-01 12:32:32 DEBUG POIXMLFactory:65 - using default POIXMLDocumentPart for http://schemas.openxmlformats.org/officeDocument/2006/relationships/printerSettings
2026-10-01 12:32:32 DEBUG PackageRelationshipCollection:307 - Parsing relationship: /xl/_rels/workbook.xml.rels
2026-10-01 12:32:32 DEBUG PackageRelationshipCollection:307 - Parsing relationship: /xl/worksheets/_rels/sheet1.xml.rels
2026-10-01 12:32:32 DEBUG PackageRelationshipCollection:307 - Parsing relationship: /_rels/.rels
2026-10-01 12:32:32 DEBUG POIXMLFactory:65 - using default POIXMLDocumentPart for http://schemas.openxmlformats.org/officeDocument/2006/relationships/printerSettings
2026-10-01 12:32:32 DEBUG PackageRelationshipCollection:307 - Parsing relationship: /xl/_rels/workbook.xml.rels
2026-10-01 12:32:32 DEBUG PackageRelationshipCollection:307 - Parsing relationship: /xl/worksheets/_rels/sheet1.xml.rels
2026-10-01 12:32:32 DEBUG PackageRelationshipCollection:307 - Parsing relationship: /_rels/.rels
2026-10-01 12:32:32 DEBUG POIXMLFactory:65 - using default POIXMLDocumentPart for http://schemas.openxmlformats.org/officeDocument/2006/relationships/printerSettings
2026-10-01 12:32:32 DEBUG PackageRelationshipCollection:307 - Parsing relationship: /xl/_rels/workbook.xml.rels
2026-10-01 12:32:32 DEBUG PackageRelationshipCollection:307 - Parsing relationship: /xl/worksheets/_rels/sheet1.xml.rels
2026-10-01 12:32:32 DEBUG PackageRelationshipCollection:307 - Parsing relationship: /_rels/.rels
2026-10-01 12:32:32 DEBUG POIXMLFactory:65 - using default POIXMLDocumentPart for http://schemas.openxmlformats.org/officeDocument/2006/relationships/printerSettings
2026-10-01 12:32:32 DEBUG PackageRelationshipCollection:307 - Parsing relationship: /xl/_rels/workbook.xml.rels
2026-10-01 12:32:32 DEBUG PackageRelationshipCollection:307 - Parsing relationship: /xl/worksheets/_rels/sheet1.xml.rels
2026-10-01 12:32:32 DEBUG PackageRelationshipCollection:307 - Parsing relationship: /_rels/.rels
2026-10-01 12:32:32 DEBUG POIXMLFactory:65 - using default POIXMLDocumentPart for http://schemas.openxmlformats.org/officeDocument/2006/relationships/printerSettings
2026-10-01 12:32:32 DEBUG PackageRelationshipCollection:307 - Parsing relationship: /xl/_rels/workbook.xml.rels
2026-10-01 12:32:32 DEBUG PackageRelationshipCollection:307 - Parsing relationship: /xl/worksheets/_rels/sheet1.xml.rels
2026-10-01 12:32:32 DEBUG PackageRelationshipCollection:307 - Parsing relationship: /_rels/.rels
2026-10-01 12:32:32 DEBUG POIXMLFactory:65 - using default POIXMLDocumentPart for http://schemas.openxmlformats.org/officeDocument/2006/relationships/printerSettings
2026-10-01 12:32:32 INFO  TC003_ddttestcase:19 - Started
2026-10-01 12:32:32 INFO  TC003_ddttestcase:21 - homepage
2026-10-01 12:32:47 INFO  TC003_ddttestcase:19 - Started
2026-10-01 12:32:47 INFO  TC003_ddttestcase:21 - homepage
2026-10-01 12:33:00 INFO  TC003_ddttestcase:19 - Started
2026-10-01 12:33:00 INFO  TC003_ddttestcase:21 - homepage
2026-10-01 12:33:04 INFO  TC003_ddttestcase:19 - Started
2026-10-01 12:33:04 INFO  TC003_ddttestcase:21 - homepage
2026-10-01 12:33:16 INFO  TC003_ddttestcase:19 - Started
2026-10-01 12:33:16 INFO  TC003_ddttestcase:21 - homepage
